// Jest Snapshot v1, https://goo.gl/fbAQLP

exports[`登录失败 1`] = `"登录 http://foo.bar/api/user/login 失败，请检查邮箱、密码是否有误或服务是否可用。"`;

exports[`登录成功，并成功获取 API 列表 1`] = `
Array [
  Object {
    "add_time": 1547006221,
    "desc": null,
    "index": 0,
    "list": Array [
      Object {
        "__v": 0,
        "_id": 45,
        "add_time": 1547006228,
        "api_opened": false,
        "catid": 58,
        "desc": "",
        "edit_uid": 0,
        "index": 0,
        "markdown": "",
        "method": "GET",
        "path": "/get",
        "project_id": 23,
        "query_path": Object {
          "params": Array [],
          "path": "/get",
        },
        "req_body_form": Array [],
        "req_body_is_json_schema": true,
        "req_headers": Array [],
        "req_params": Array [],
        "req_query": Array [],
        "res_body": "{\\"type\\":\\"object\\",\\"title\\":\\"empty object\\",\\"properties\\":{\\"data\\":{\\"type\\":\\"string\\"}},\\"required\\":[\\"data\\"]}",
        "res_body_is_json_schema": true,
        "res_body_type": "json",
        "status": "undone",
        "tag": Array [],
        "title": "get",
        "type": "static",
        "uid": 11,
        "up_time": 1547006250,
      },
      Object {
        "__v": 0,
        "_id": 48,
        "add_time": 1547006262,
        "api_opened": false,
        "catid": 58,
        "desc": "",
        "edit_uid": 0,
        "index": 0,
        "markdown": "",
        "method": "POST",
        "path": "/post",
        "project_id": 23,
        "query_path": Object {
          "params": Array [],
          "path": "/post",
        },
        "req_body_form": Array [],
        "req_body_is_json_schema": true,
        "req_body_other": "{\\"type\\":\\"object\\",\\"title\\":\\"empty object\\",\\"properties\\":{\\"page\\":{\\"type\\":\\"number\\"}},\\"required\\":[\\"page\\"]}",
        "req_body_type": "json",
        "req_headers": Array [
          Object {
            "_id": "5c35714d0ce3e84becbd13cc",
            "name": "Content-Type",
            "required": "1",
            "value": "application/json",
          },
        ],
        "req_params": Array [],
        "req_query": Array [],
        "res_body": "{\\"type\\":\\"object\\",\\"title\\":\\"empty object\\",\\"properties\\":{\\"list\\":{\\"type\\":\\"array\\",\\"items\\":{\\"type\\":\\"string\\"}}},\\"required\\":[\\"list\\"]}",
        "res_body_is_json_schema": true,
        "res_body_type": "json",
        "status": "undone",
        "tag": Array [],
        "title": "post",
        "type": "static",
        "uid": 11,
        "up_time": 1547006285,
      },
    ],
    "name": "test",
    "up_time": 1547006221,
  },
]
`;
